Archive member included because of file (symbol)

/usr/local/lib/gcc/avr/4.2.5/avr5/libgcc.a(_mulsi3.o)
                              camera/cam.o (__mulsi3)
/usr/local/lib/gcc/avr/4.2.5/avr5/libgcc.a(_udivmodhi4.o)
                              ntp.o (__udivmodhi4)
/usr/local/lib/gcc/avr/4.2.5/avr5/libgcc.a(_udivmodsi4.o)
                              cmd.o (__udivmodsi4)
/usr/local/lib/gcc/avr/4.2.5/avr5/libgcc.a(_exit.o)
                              /usr/local/lib/gcc/avr/4.2.5/../../../../avr/lib/avr5/crtm644.o (exit)
/usr/local/lib/gcc/avr/4.2.5/avr5/libgcc.a(_copy_data.o)
                              main.o (__do_copy_data)
/usr/local/lib/gcc/avr/4.2.5/avr5/libgcc.a(_clear_bss.o)
                              main.o (__do_clear_bss)
/usr/local/lib/gcc/avr/4.2.5/../../../../avr/lib/avr5/libc.a(strtol.o)
                              cmd.o (strtol)
/usr/local/lib/gcc/avr/4.2.5/../../../../avr/lib/avr5/libc.a(atoi.o)
                              usart.o (atoi)
/usr/local/lib/gcc/avr/4.2.5/../../../../avr/lib/avr5/libc.a(isspace.o)
                              /usr/local/lib/gcc/avr/4.2.5/../../../../avr/lib/avr5/libc.a(strtol.o) (isspace)
/usr/local/lib/gcc/avr/4.2.5/../../../../avr/lib/avr5/libc.a(memcpy_P.o)
                              httpd.o (memcpy_P)
/usr/local/lib/gcc/avr/4.2.5/../../../../avr/lib/avr5/libc.a(strcpy_P.o)
                              httpd.o (strcpy_P)
/usr/local/lib/gcc/avr/4.2.5/../../../../avr/lib/avr5/libc.a(strncasecmp_P.o)
                              httpd.o (strncasecmp_P)
/usr/local/lib/gcc/avr/4.2.5/../../../../avr/lib/avr5/libc.a(memmove.o)
                              httpd.o (memmove)
/usr/local/lib/gcc/avr/4.2.5/../../../../avr/lib/avr5/libc.a(strcasecmp.o)
                              cmd.o (strcasecmp)
/usr/local/lib/gcc/avr/4.2.5/../../../../avr/lib/avr5/libc.a(strcasestr.o)
                              httpd.o (strcasestr)
/usr/local/lib/gcc/avr/4.2.5/../../../../avr/lib/avr5/libc.a(strcasestr_P.o)
                              httpd.o (strcasestr_P)
/usr/local/lib/gcc/avr/4.2.5/../../../../avr/lib/avr5/libc.a(strcat.o)
                              usart.o (strcat)
/usr/local/lib/gcc/avr/4.2.5/../../../../avr/lib/avr5/libc.a(strcpy.o)
                              usart.o (strcpy)
/usr/local/lib/gcc/avr/4.2.5/../../../../avr/lib/avr5/libc.a(strnlen.o)
                              httpd.o (strnlen)
/usr/local/lib/gcc/avr/4.2.5/../../../../avr/lib/avr5/libc.a(strsep.o)
                              cmd.o (strsep)
/usr/local/lib/gcc/avr/4.2.5/../../../../avr/lib/avr5/libc.a(itoa.o)
                              usart.o (itoa)
/usr/local/lib/gcc/avr/4.2.5/../../../../avr/lib/avr5/libc.a(mul10.o)
                              /usr/local/lib/gcc/avr/4.2.5/../../../../avr/lib/avr5/libc.a(atoi.o) (__mulhi_const_10)
/usr/local/lib/gcc/avr/4.2.5/../../../../avr/lib/avr5/libc.a(sprintf_p.o)
                              httpd.o (sprintf_P)
/usr/local/lib/gcc/avr/4.2.5/../../../../avr/lib/avr5/libc.a(vfprintf_std.o)
                              /usr/local/lib/gcc/avr/4.2.5/../../../../avr/lib/avr5/libc.a(sprintf_p.o) (vfprintf)
/usr/local/lib/gcc/avr/4.2.5/../../../../avr/lib/avr5/libc.a(ee_rb.1F2021.o)
                              stack.o (__eeprom_read_byte_1F2021)
/usr/local/lib/gcc/avr/4.2.5/../../../../avr/lib/avr5/libc.a(ee_wb.1F2021.o)
                              cmd.o (__eeprom_write_byte_1F2021)
/usr/local/lib/gcc/avr/4.2.5/../../../../avr/lib/avr5/libc.a(errno.o)
                              /usr/local/lib/gcc/avr/4.2.5/../../../../avr/lib/avr5/libc.a(strtol.o) (errno)
/usr/local/lib/gcc/avr/4.2.5/../../../../avr/lib/avr5/libc.a(cty_isfalse.o)
                              /usr/local/lib/gcc/avr/4.2.5/../../../../avr/lib/avr5/libc.a(isspace.o) (__ctype_isfalse)
/usr/local/lib/gcc/avr/4.2.5/../../../../avr/lib/avr5/libc.a(strlen_P.o)
                              /usr/local/lib/gcc/avr/4.2.5/../../../../avr/lib/avr5/libc.a(vfprintf_std.o) (strlen_P)
/usr/local/lib/gcc/avr/4.2.5/../../../../avr/lib/avr5/libc.a(strnlen_P.o)
                              /usr/local/lib/gcc/avr/4.2.5/../../../../avr/lib/avr5/libc.a(vfprintf_std.o) (strnlen_P)
/usr/local/lib/gcc/avr/4.2.5/../../../../avr/lib/avr5/libc.a(memcpy.o)
                              /usr/local/lib/gcc/avr/4.2.5/../../../../avr/lib/avr5/libc.a(memmove.o) (memcpy)
/usr/local/lib/gcc/avr/4.2.5/../../../../avr/lib/avr5/libc.a(strrev.o)
                              /usr/local/lib/gcc/avr/4.2.5/../../../../avr/lib/avr5/libc.a(itoa.o) (strrev)
/usr/local/lib/gcc/avr/4.2.5/../../../../avr/lib/avr5/libc.a(fputc.o)
                              /usr/local/lib/gcc/avr/4.2.5/../../../../avr/lib/avr5/libc.a(vfprintf_std.o) (fputc)
/usr/local/lib/gcc/avr/4.2.5/avr5/libgcc.a(_prologue.o)
                              /usr/local/lib/gcc/avr/4.2.5/../../../../avr/lib/avr5/libc.a(strtol.o) (__prologue_saves__)
/usr/local/lib/gcc/avr/4.2.5/avr5/libgcc.a(_epilogue.o)
[...]
Memory Configuration

Name             Origin             Length             Attributes
text             0x00000000         0x00020000         xr
data             0x00800060         0x0000ffa0         rw !x
eeprom           0x00810000         0x00010000         rw !x
*default*        0x00000000         0xffffffff

Linker script and memory map

Address of section .data set to 0x800100
LOAD /usr/local/lib/gcc/avr/4.2.5/../../../../avr/lib/avr5/crtm644.o
LOAD main.o
LOAD usart.o
LOAD stack.o
LOAD timer.o
LOAD cmd.o
LOAD base64.o
LOAD networkcard/enc28j60.o
LOAD networkcard/rtl8019.o
LOAD httpd.o
LOAD telnetd.o
LOAD ntp.o
LOAD lcd.o
LOAD udp_lcd.o
LOAD wol.o
LOAD http_get.o
LOAD analog.o
LOAD sendmail.o
LOAD camera/cam.o
LOAD camera/servo.o
LOAD dnsc.o
LOAD dhcpc.o
LOAD /usr/local/lib/gcc/avr/4.2.5/../../../../avr/lib/avr5/libm.a
LOAD /usr/local/lib/gcc/avr/4.2.5/avr5/libgcc.a
LOAD /usr/local/lib/gcc/avr/4.2.5/../../../../avr/lib/avr5/libc.a
LOAD /usr/local/lib/gcc/avr/4.2.5/avr5/libgcc.a

.hash
 *(.hash)

.dynsym
 *(.dynsym)

.dynstr
 *(.dynstr)

.gnu.version
 *(.gnu.version)

.gnu.version_d
 *(.gnu.version_d)

.gnu.version_r
 *(.gnu.version_r)

.rel.init
 *(.rel.init)

.rela.init
 *(.rela.init)

.rel.text
 *(.rel.text)
 *(.rel.text.*)
 *(.rel.gnu.linkonce.t*)

.rela.text
 *(.rela.text)
 *(.rela.text.*)
 *(.rela.gnu.linkonce.t*)

.rel.fini
 *(.rel.fini)

.rela.fini
 *(.rela.fini)

.rel.rodata
 *(.rel.rodata)
 *(.rel.rodata.*)
 *(.rel.gnu.linkonce.r*)

.rela.rodata
 *(.rela.rodata)
 *(.rela.rodata.*)
 *(.rela.gnu.linkonce.r*)

.rel.data
 *(.rel.data)
 *(.rel.data.*)
 *(.rel.gnu.linkonce.d*)

.rela.data
 *(.rela.data)
 *(.rela.data.*)
 *(.rela.gnu.linkonce.d*)

.rel.ctors
 *(.rel.ctors)

.rela.ctors
 *(.rela.ctors)

.rel.dtors
 *(.rel.dtors)

.rela.dtors
 *(.rela.dtors)

.rel.got
 *(.rel.got)

.rela.got
 *(.rela.got)

.rel.bss
 *(.rel.bss)

.rela.bss
 *(.rela.bss)

.rel.plt
 *(.rel.plt)

.rela.plt
 *(.rela.plt)

.text           0x00000000     0x8034
 *(.vectors)
 .vectors       0x00000000       0x70 /usr/local/lib/gcc/avr/4.2.5/../../../../avr/lib/avr5/crtm644.o
                0x00000000                __vectors
                0x00000000                __vector_default
 *(.vectors)
 *(.progmem.gcc*)
 *(.progmem*)
 .progmem.data  0x00000070       0xf3 main.o
 .progmem.data  0x00000163      0x2f6 cmd.o
                0x00000163                helptext
 .progmem.data  0x00000459       0x42 base64.o
                0x00000459                BASE64CODE
 .progmem.data  0x0000049b       0x2c networkcard/enc28j60.o
                0x0000049b                enc28j60_config
 .progmem.data  0x000004c7     0x2aa8 httpd.o
                0x00002dfd                http_header1
                0x000004c7                Page1
                0x00002e55                http_header2
                0x00002f2f                Page0
                0x000012df                led_on
                0x000014b3                led_off
                0x00001686                bild_balken
                0x000010ae                Page4
                0x00002ead                http_header3
                0x000016cf                bild_rakete
 .progmem.data  0x00002f6f       0x17 telnetd.o
 .progmem.data  0x00002f86       0x68 ntp.o
                0x00002f86                NTP_Request
                0x00002fb6                wday_str
 .progmem.data  0x00002fee       0x1f udp_lcd.o
 .progmem.data  0x0000300d      0x116 http_get.o
                0x0000300d                WEATHER_GET_STRING
                0x00003124                . = ALIGN (0x2)
 *fill*         0x00003123        0x1 00
                0x00003124                __trampolines_start = .
 *(.trampolines)
 .trampolines   0x00003124        0x0 linker stubs
 *(.trampolines*)
                0x00003124                __trampolines_end = .
 *(.jumptables)
 *(.jumptables*)
 *(.lowtext)
 *(.lowtext*)
                0x00003124                __ctors_start = .
 *(.ctors)
                0x00003124                __ctors_end = .
                0x00003124                __dtors_start = .
 *(.dtors)
                0x00003124                __dtors_end = .
 SORT(*)(.ctors)
 SORT(*)(.dtors)
 *(.init0)
 .init0         0x00003124        0x0 /usr/local/lib/gcc/avr/4.2.5/../../../../avr/lib/avr5/crtm644.o
                0x00003124                __init
 *(.init0)
 *(.init1)
 *(.init1)
 *(.init2)
 .init2         0x00003124        0xc /usr/local/lib/gcc/avr/4.2.5/../../../../avr/lib/avr5/crtm644.o
 *(.init2)
 *(.init3)
 *(.init3)
 *(.init4)
 .init4         0x00003130       0x16 /usr/local/lib/gcc/avr/4.2.5/avr5/libgcc.a(_copy_data.o)
                0x00003130                __do_copy_data
 .init4         0x00003146       0x10 /usr/local/lib/gcc/avr/4.2.5/avr5/libgcc.a(_clear_bss.o)
                0x00003146                __do_clear_bss
 *(.init4)
 *(.init5)
 *(.init5)
 *(.init6)
 *(.init6)
 *(.init7)
 *(.init7)
 *(.init8)
 *(.init8)
 *(.init9)
 .init9         0x00003156        0x8 /usr/local/lib/gcc/avr/4.2.5/../../../../avr/lib/avr5/crtm644.o
 *(.init9)
 *(.text)
 .text          0x0000315e        0x4 /usr/local/lib/gcc/avr/4.2.5/../../../../avr/lib/avr5/crtm644.o
                0x0000315e                __vector_22
                0x0000315e                __vector_1
                0x0000315e                __vector_24
                0x0000315e                __vector_12
                0x0000315e                __bad_interrupt
                0x0000315e                __vector_6
                0x0000315e                __vector_23
                0x0000315e                __vector_25
                0x0000315e                __vector_11
                0x0000315e                __vector_17
                0x0000315e                __vector_19
                0x0000315e                __vector_7
                0x0000315e                __vector_27
                0x0000315e                __vector_5
                0x0000315e                __vector_4
                0x0000315e                __vector_9
                0x0000315e                __vector_2
                0x0000315e                __vector_21
                0x0000315e                __vector_15
                0x0000315e                __vector_8
                0x0000315e                __vector_26
                0x0000315e                __vector_14
                0x0000315e                __vector_10
                0x0000315e                __vector_16
                0x0000315e                __vector_18
 .text          0x00003162      0x258 main.o
                0x00003162                main
 .text          0x000033ba      0x182 usart.o
                0x000033cc                usart_write_P
                0x000033bc                usart_write_char
                0x000033ba                usart_init
                0x000033be                usart_write_str
 .text          0x0000353c     0x14be stack.o
                0x00003fe0                tcp_Port_close
                0x00003c9c                udp_socket_process
                0x00003672                add_tcp_app
                0x00003f0a                tcp_port_open
                0x000048fe                create_new_udp_packet
                0x00004012                tcp_socket_process
                0x00004568                check_packet
                0x00003ab2                tcp_entry_add
                0x0000372a                __vector_3
                0x000038b0                arp_entry_search
                0x00003cd6                find_and_start
                0x00003624                arp_timer_call
                0x000042f0                tcp_timer_call
                0x00004664                eth_get_data
                0x00003756                arp_entry_add
                0x000046be                arp_request
                0x00003c3e                tcp_entry_search
                0x000035a2                get_eeprom_value
                0x00004418                arp_reply
                0x0000370a                kill_udp_app
                0x000039f2                make_ip_header
                0x000038f4                new_eth_header
                0x00004370                icmp_send
                0x00004852                stack_init
                0x0000353c                htons
                0x00003966                checksum
                0x00003544                htons32
                0x00003d4a                tcp_index_del
                0x000036d8                add_udp_app
                0x000036a4                change_port_tcp_app
                0x00003d9e                create_new_tcp_packet
 .text          0x000049fa       0xb4 timer.o
                0x000049fa                timer_init
                0x00004a24                __vector_13
 .text          0x00004aae      0x9ee cmd.o
                0x0000512c                command_net
                0x00005276                command_ping
                0x00005044                command_ver
                0x00004ab6                write_eeprom_ip
                0x00004e62                command_arp
                0x0000543a                save_ip_addresses
                0x00004aae                command_reset
                0x000050be                command_router
                0x00004b96                command_time
                0x00005340                extract_cmd
                0x00005208                command_ip
                0x00004aee                command_wol
                0x00005064                command_mac
                0x00004b52                command_help
                0x00004af0                read_ip_addresses
                0x0000533a                command_ntp_refresh
                0x00004c7a                command_setvar
                0x00004cdc                command_tcp
                0x0000519a                command_ntp
 .text          0x0000549c       0xac base64.o
                0x0000549c                decode_base64
 .text          0x00005548      0x42c networkcard/enc28j60.o
                0x00005800                enc28j60_send_packet
                0x00005890                enc28j60_init
                0x00005548                enc28j60_read_buffer
                0x0000569c                enc28j60_read_phy
                0x00005624                enc28j60_read_address
                0x000055dc                enc28j60_write_address
                0x000056e2                enc28j60_receive_packet
                0x00005574                enc28j60_write_buffer
                0x000055c6                enc28j60_spi_write_word
                0x0000566a                enc28j60_write_phy
                0x0000559a                enc28j60_spi_read_byte
 .text          0x00005974        0x0 networkcard/rtl8019.o
 .text          0x00005974      0xb9e httpd.o
                0x00005ec0                httpd_header_check
                0x0000645a                httpd
                0x000059f2                httpd_data_send
                0x000064f8                httpd_init
                0x00005974                httpd_stack_clear
 .text          0x00006512      0x230 telnetd.o
                0x0000660c                telnetd
                0x00006734                telnetd_init
                0x00006512                telnetd_send_data
 .text          0x00006742      0x4a8 ntp.o
                0x00006a50                ntp_get
                0x00006bbc                ntp_init
                0x00006762                decode_time
                0x00006b72                ntp
                0x00006b0e                ntp_request
                0x00006742                monthlen
 .text          0x00006bea        0x0 lcd.o
 .text          0x00006bea       0x3e udp_lcd.o
                0x00006bea                udp_lcd_get
                0x00006c1a                udp_lcd_init
 .text          0x00006c28        0x0 wol.o
 .text          0x00006c28      0x296 http_get.o
                0x00006c28                http_request
                0x00006dfa                test
 .text          0x00006ebe        0x0 analog.o
 .text          0x00006ebe        0x0 sendmail.o
 .text          0x00006ebe      0x59e camera/cam.o
                0x00006ebe                cam_uart_write_char
                0x00006fae                cam_data_get
                0x0000711e                cam_picture_store
                0x00007374                cam_init
                0x00007258                __vector_20
                0x00006ece                cam_command_send
 .text          0x0000745c        0x0 camera/servo.o
 .text          0x0000745c        0x0 dnsc.o
 .text          0x0000745c        0x0 dhcpc.o
 .text          0x0000745c        0x0 /usr/local/lib/gcc/avr/4.2.5/avr5/libgcc.a(_mulsi3.o)
 .text          0x0000745c        0x0 /usr/local/lib/gcc/avr/4.2.5/avr5/libgcc.a(_udivmodhi4.o)
 .text          0x0000745c        0x0 /usr/local/lib/gcc/avr/4.2.5/avr5/libgcc.a(_udivmodsi4.o)
 .text          0x0000745c        0x0 /usr/local/lib/gcc/avr/4.2.5/avr5/libgcc.a(_exit.o)
 .text          0x0000745c        0x0 /usr/local/lib/gcc/avr/4.2.5/avr5/libgcc.a(_copy_data.o)
 .text          0x0000745c        0x0 /usr/local/lib/gcc/avr/4.2.5/avr5/libgcc.a(_clear_bss.o)
 .text          0x0000745c      0x22c /usr/local/lib/gcc/avr/4.2.5/../../../../avr/lib/avr5/libc.a(strtol.o)
                0x0000745c                strtol
 .text          0x00007688       0x3c /usr/local/lib/gcc/avr/4.2.5/../../../../avr/lib/avr5/libc.a(atoi.o)
                0x00007688                atoi
 .text          0x000076c4        0x0 /usr/local/lib/gcc/avr/4.2.5/../../../../avr/lib/avr5/libc.a(isspace.o)
 .text          0x000076c4       0x12 /usr/local/lib/gcc/avr/4.2.5/../../../../avr/lib/avr5/libc.a(memcpy_P.o)
                0x000076c4                memcpy_P
 .text          0x000076d6        0xe /usr/local/lib/gcc/avr/4.2.5/../../../../avr/lib/avr5/libc.a(strcpy_P.o)
                0x000076d6                strcpy_P
 .text          0x000076e4       0x30 /usr/local/lib/gcc/avr/4.2.5/../../../../avr/lib/avr5/libc.a(strncasecmp_P.o)
                0x000076e4                strncasecmp_P
 .text          0x00007714       0x24 /usr/local/lib/gcc/avr/4.2.5/../../../../avr/lib/avr5/libc.a(memmove.o)
                0x00007714                memmove
 .text          0x00007738       0x26 /usr/local/lib/gcc/avr/4.2.5/../../../../avr/lib/avr5/libc.a(strcasecmp.o)
                0x00007738                strcasecmp
 .text          0x0000775e       0x4a /usr/local/lib/gcc/avr/4.2.5/../../../../avr/lib/avr5/libc.a(strcasestr.o)
                0x0000775e                strcasestr
 .text          0x000077a8       0x4a /usr/local/lib/gcc/avr/4.2.5/../../../../avr/lib/avr5/libc.a(strcasestr_P.o)
                0x000077a8                strcasestr_P
 .text          0x000077f2       0x16 /usr/local/lib/gcc/avr/4.2.5/../../../../avr/lib/avr5/libc.a(strcat.o)
                0x000077f2                strcat
 .text          0x00007808        0xe /usr/local/lib/gcc/avr/4.2.5/../../../../avr/lib/avr5/libc.a(strcpy.o)
                0x00007808                strcpy
 .text          0x00007816       0x16 /usr/local/lib/gcc/avr/4.2.5/../../../../avr/lib/avr5/libc.a(strnlen.o)
                0x00007816                strnlen
 .text          0x0000782c       0x30 /usr/local/lib/gcc/avr/4.2.5/../../../../avr/lib/avr5/libc.a(strsep.o)
                0x0000782c                strsep
 .text          0x0000785c       0x42 /usr/local/lib/gcc/avr/4.2.5/../../../../avr/lib/avr5/libc.a(itoa.o)
                0x0000785c                itoa
 .text          0x0000789e       0x10 /usr/local/lib/gcc/avr/4.2.5/../../../../avr/lib/avr5/libc.a(mul10.o)
                0x0000789e                __mulhi_const_10
 .text          0x000078ae       0x4a /usr/local/lib/gcc/avr/4.2.5/../../../../avr/lib/avr5/libc.a(sprintf_p.o)
                0x000078ae                sprintf_P
 .text          0x000078f8      0x530 /usr/local/lib/gcc/avr/4.2.5/../../../../avr/lib/avr5/libc.a(vfprintf_std.o)
                0x000078f8                vfprintf
 .text          0x00007e28        0x0 /usr/local/lib/gcc/avr/4.2.5/../../../../avr/lib/avr5/libc.a(ee_rb.1F2021.o)
 .text          0x00007e28        0x0 /usr/local/lib/gcc/avr/4.2.5/../../../../avr/lib/avr5/libc.a(ee_wb.1F2021.o)
 .text          0x00007e28        0x0 /usr/local/lib/gcc/avr/4.2.5/../../../../avr/lib/avr5/libc.a(errno.o)
 .text          0x00007e28        0x0 /usr/local/lib/gcc/avr/4.2.5/../../../../avr/lib/avr5/libc.a(cty_isfalse.o)
 .text          0x00007e28       0x12 /usr/local/lib/gcc/avr/4.2.5/../../../../avr/lib/avr5/libc.a(strlen_P.o)
                0x00007e28                strlen_P
 .text          0x00007e3a       0x16 /usr/local/lib/gcc/avr/4.2.5/../../../../avr/lib/avr5/libc.a(strnlen_P.o)
                0x00007e3a                strnlen_P
 .text          0x00007e50       0x12 /usr/local/lib/gcc/avr/4.2.5/../../../../avr/lib/avr5/libc.a(memcpy.o)
                0x00007e50                memcpy
 .text          0x00007e62       0x20 /usr/local/lib/gcc/avr/4.2.5/../../../../avr/lib/avr5/libc.a(strrev.o)
                0x00007e62                strrev
 .text          0x00007e82       0x5a /usr/local/lib/gcc/avr/4.2.5/../../../../avr/lib/avr5/libc.a(fputc.o)
                0x00007e82                fputc
 .text          0x00007edc        0x0 /usr/local/lib/gcc/avr/4.2.5/avr5/libgcc.a(_prologue.o)
 .text          0x00007edc        0x0 /usr/local/lib/gcc/avr/4.2.5/avr5/libgcc.a(_epilogue.o)
                0x00007edc                . = ALIGN (0x2)
 *(.text.*)
 .text.libgcc   0x00007edc       0x3e /usr/local/lib/gcc/avr/4.2.5/avr5/libgcc.a(_mulsi3.o)
                0x00007edc                __mulsi3
 .text.libgcc   0x00007f1a       0x28 /usr/local/lib/gcc/avr/4.2.5/avr5/libgcc.a(_udivmodhi4.o)
                0x00007f1a                __udivmodhi4
 .text.libgcc   0x00007f42       0x44 /usr/local/lib/gcc/avr/4.2.5/avr5/libgcc.a(_udivmodsi4.o)
                0x00007f42                __udivmodsi4
 .text.libgcc   0x00007f86        0x0 /usr/local/lib/gcc/avr/4.2.5/avr5/libgcc.a(_exit.o)
 .text.libgcc   0x00007f86        0x0 /usr/local/lib/gcc/avr/4.2.5/avr5/libgcc.a(_copy_data.o)
 .text.libgcc   0x00007f86        0x0 /usr/local/lib/gcc/avr/4.2.5/avr5/libgcc.a(_clear_bss.o)
 .text.ctype    0x00007f86       0x10 /usr/local/lib/gcc/avr/4.2.5/../../../../avr/lib/avr5/libc.a(isspace.o)
                0x00007f86                isspace
 .text.eeprom   0x00007f96       0x10 /usr/local/lib/gcc/avr/4.2.5/../../../../avr/lib/avr5/libc.a(ee_rb.1F2021.o)
                0x00007f96                __eeprom_read_byte_1F2021
 .text.eeprom   0x00007fa6       0x18 /usr/local/lib/gcc/avr/4.2.5/../../../../avr/lib/avr5/libc.a(ee_wb.1F2021.o)
                0x00007fa6                __eeprom_write_byte_1F2021
 .text.ctype    0x00007fbe        0x6 /usr/local/lib/gcc/avr/4.2.5/../../../../avr/lib/avr5/libc.a(cty_isfalse.o)
                0x00007fc2                __ctype_istrue
                0x00007fbe                __ctype_isfalse
 .text.libgcc   0x00007fc4       0x38 /usr/local/lib/gcc/avr/4.2.5/avr5/libgcc.a(_prologue.o)
                0x00007fc4                __prologue_saves__
 .text.libgcc   0x00007ffc       0x36 /usr/local/lib/gcc/avr/4.2.5/avr5/libgcc.a(_epilogue.o)
                0x00007ffc                __epilogue_restores__
                0x00008032                . = ALIGN (0x2)
 *(.fini9)
 .fini9         0x00008032        0x0 /usr/local/lib/gcc/avr/4.2.5/avr5/libgcc.a(_exit.o)
                0x00008032                exit
                0x00008032                _exit
 *(.fini9)
 *(.fini8)
 *(.fini8)
 *(.fini7)
 *(.fini7)
 *(.fini6)
 *(.fini6)
 *(.fini5)
 *(.fini5)
 *(.fini4)
 *(.fini4)
 *(.fini3)
 *(.fini3)
 *(.fini2)
 *(.fini2)
 *(.fini1)
 *(.fini1)
 *(.fini0)
 .fini0         0x00008032        0x2 /usr/local/lib/gcc/avr/4.2.5/avr5/libgcc.a(_exit.o)
 *(.fini0)
                0x00008034                _etext = .

.data           0x00800100      0x178 load address 0x00008034
                0x00800100                PROVIDE (__data_start, .)
 *(.data)
 .data          0x00800100        0x0 /usr/local/lib/gcc/avr/4.2.5/../../../../avr/lib/avr5/crtm644.o
 .data          0x00800100        0x0 main.o
 .data          0x00800100        0x4 usart.o
                0x00800102                rx_buffer_pointer_out
                0x00800100                rx_buffer_pointer_in
 .data          0x00800104        0x0 stack.o
 .data          0x00800104        0x0 timer.o
 .data          0x00800104       0x87 cmd.o
                0x0080014b                COMMAND_TABELLE
 .data          0x0080018b        0x0 base64.o
 .data          0x0080018b        0x0 networkcard/enc28j60.o
 .data          0x0080018b        0x0 networkcard/rtl8019.o
 .data          0x0080018b       0xe2 httpd.o
                0x00800254                var_array
                0x00800212                WEBPAGE_TABLE
                0x00800232                post_in
                0x0080023c                dstr
                0x00800237                post_ready
                0x00800268                rx_header_end
 .data          0x0080026d        0x0 telnetd.o
 .data          0x0080026d        0x2 ntp.o
                0x0080026d                ntp_timer
 .data          0x0080026f        0x0 lcd.o
 .data          0x0080026f        0x0 udp_lcd.o
 .data          0x0080026f        0x0 wol.o
 .data          0x0080026f        0x0 http_get.o
 .data          0x0080026f        0x0 analog.o
 .data          0x0080026f        0x0 sendmail.o
 .data          0x0080026f        0x8 camera/cam.o
                0x00800273                cam_dat_stop
                0x0080026f                cam_dat_start
 .data          0x00800277        0x0 camera/servo.o
 .data          0x00800277        0x0 dnsc.o
 .data          0x00800277        0x0 dhcpc.o
 .data          0x00800277        0x0 /usr/local/lib/gcc/avr/4.2.5/avr5/libgcc.a(_mulsi3.o)
 .data          0x00800277        0x0 /usr/local/lib/gcc/avr/4.2.5/avr5/libgcc.a(_udivmodhi4.o)
 .data          0x00800277        0x0 /usr/local/lib/gcc/avr/4.2.5/avr5/libgcc.a(_udivmodsi4.o)
 .data          0x00800277        0x0 /usr/local/lib/gcc/avr/4.2.5/avr5/libgcc.a(_exit.o)
 .data          0x00800277        0x0 /usr/local/lib/gcc/avr/4.2.5/avr5/libgcc.a(_copy_data.o)
 .data          0x00800277        0x0 /usr/local/lib/gcc/avr/4.2.5/avr5/libgcc.a(_clear_bss.o)
 .data          0x00800277        0x0 /usr/local/lib/gcc/avr/4.2.5/../../../../avr/lib/avr5/libc.a(strtol.o)
 .data          0x00800277        0x0 /usr/local/lib/gcc/avr/4.2.5/../../../../avr/lib/avr5/libc.a(atoi.o)
 .data          0x00800277        0x0 /usr/local/lib/gcc/avr/4.2.5/../../../../avr/lib/avr5/libc.a(isspace.o)
 .data          0x00800277        0x0 /usr/local/lib/gcc/avr/4.2.5/../../../../avr/lib/avr5/libc.a(memcpy_P.o)
 .data          0x00800277        0x0 /usr/local/lib/gcc/avr/4.2.5/../../../../avr/lib/avr5/libc.a(strcpy_P.o)
 .data          0x00800277        0x0 /usr/local/lib/gcc/avr/4.2.5/../../../../avr/lib/avr5/libc.a(strncasecmp_P.o)
 .data          0x00800277        0x0 /usr/local/lib/gcc/avr/4.2.5/../../../../avr/lib/avr5/libc.a(memmove.o)
 .data          0x00800277        0x0 /usr/local/lib/gcc/avr/4.2.5/../../../../avr/lib/avr5/libc.a(strcasecmp.o)
 .data          0x00800277        0x0 /usr/local/lib/gcc/avr/4.2.5/../../../../avr/lib/avr5/libc.a(strcasestr.o)
 .data          0x00800277        0x0 /usr/local/lib/gcc/avr/4.2.5/../../../../avr/lib/avr5/libc.a(strcasestr_P.o)
 .data          0x00800277        0x0 /usr/local/lib/gcc/avr/4.2.5/../../../../avr/lib/avr5/libc.a(strcat.o)
 .data          0x00800277        0x0 /usr/local/lib/gcc/avr/4.2.5/../../../../avr/lib/avr5/libc.a(strcpy.o)
 .data          0x00800277        0x0 /usr/local/lib/gcc/avr/4.2.5/../../../../avr/lib/avr5/libc.a(strnlen.o)
 .data          0x00800277        0x0 /usr/local/lib/gcc/avr/4.2.5/../../../../avr/lib/avr5/libc.a(strsep.o)
 .data          0x00800277        0x0 /usr/local/lib/gcc/avr/4.2.5/../../../../avr/lib/avr5/libc.a(itoa.o)
 .data          0x00800277        0x0 /usr/local/lib/gcc/avr/4.2.5/../../../../avr/lib/avr5/libc.a(mul10.o)
 .data          0x00800277        0x0 /usr/local/lib/gcc/avr/4.2.5/../../../../avr/lib/avr5/libc.a(sprintf_p.o)
 .data          0x00800277        0x0 /usr/local/lib/gcc/avr/4.2.5/../../../../avr/lib/avr5/libc.a(vfprintf_std.o)
 .data          0x00800277        0x0 /usr/local/lib/gcc/avr/4.2.5/../../../../avr/lib/avr5/libc.a(ee_rb.1F2021.o)
 .data          0x00800277        0x0 /usr/local/lib/gcc/avr/4.2.5/../../../../avr/lib/avr5/libc.a(ee_wb.1F2021.o)
 .data          0x00800277        0x0 /usr/local/lib/gcc/avr/4.2.5/../../../../avr/lib/avr5/libc.a(errno.o)
 .data          0x00800277        0x0 /usr/local/lib/gcc/avr/4.2.5/../../../../avr/lib/avr5/libc.a(cty_isfalse.o)
 .data          0x00800277        0x0 /usr/local/lib/gcc/avr/4.2.5/../../../../avr/lib/avr5/libc.a(strlen_P.o)
 .data          0x00800277        0x0 /usr/local/lib/gcc/avr/4.2.5/../../../../avr/lib/avr5/libc.a(strnlen_P.o)
 .data          0x00800277        0x0 /usr/local/lib/gcc/avr/4.2.5/../../../../avr/lib/avr5/libc.a(memcpy.o)
 .data          0x00800277        0x0 /usr/local/lib/gcc/avr/4.2.5/../../../../avr/lib/avr5/libc.a(strrev.o)
 .data          0x00800277        0x0 /usr/local/lib/gcc/avr/4.2.5/../../../../avr/lib/avr5/libc.a(fputc.o)
 .data          0x00800277        0x0 /usr/local/lib/gcc/avr/4.2.5/avr5/libgcc.a(_prologue.o)
 .data          0x00800277        0x0 /usr/local/lib/gcc/avr/4.2.5/avr5/libgcc.a(_epilogue.o)
 *(.data*)
 *(.rodata)
 *(.rodata*)
 *(.gnu.linkonce.d*)
                0x00800278                . = ALIGN (0x2)
 *fill*         0x00800277        0x1 00
                0x00800278                _edata = .
                0x00800278                PROVIDE (__data_end, .)

.bss            0x00800278      0xb4a
                0x00800278                PROVIDE (__bss_start, .)
 *(.bss)
 .bss           0x00800278        0x0 /usr/local/lib/gcc/avr/4.2.5/../../../../avr/lib/avr5/crtm644.o
 .bss           0x00800278        0x0 main.o
 .bss           0x00800278        0x2 usart.o
                0x00800278                buffercounter
 .bss           0x0080027a       0x2a stack.o
                0x0080028e                UDP_PORT_TABLE
                0x0080027a                TCP_PORT_TABLE
                0x008002a2                IP_id_counter
 .bss           0x008002a4        0x4 timer.o
                0x008002a4                time_watchdog
 .bss           0x008002a8        0x0 cmd.o
 .bss           0x008002a8        0x0 base64.o
 .bss           0x008002a8        0x0 networkcard/enc28j60.o
 .bss           0x008002a8        0x0 networkcard/rtl8019.o
 .bss           0x008002a8        0x1 httpd.o
                0x008002a8                PORT_tmp
 .bss           0x008002a9        0x0 telnetd.o
 .bss           0x008002a9        0x0 ntp.o
 .bss           0x008002a9        0x0 lcd.o
 .bss           0x008002a9        0x0 udp_lcd.o
 .bss           0x008002a9        0x0 wol.o
 .bss           0x008002a9        0x2 http_get.o
                0x008002a9                http_get_state
 .bss           0x008002ab        0x0 analog.o
 .bss           0x008002ab        0x0 sendmail.o
 .bss           0x008002ab        0x8 camera/cam.o
                0x008002ab                cmd_buffercounter
                0x008002af                dat_buffercounter
 .bss           0x008002b3        0x0 camera/servo.o
 .bss           0x008002b3        0x0 dnsc.o
 .bss           0x008002b3        0x0 dhcpc.o
 .bss           0x008002b3        0x0 /usr/local/lib/gcc/avr/4.2.5/avr5/libgcc.a(_mulsi3.o)
 .bss           0x008002b3        0x0 /usr/local/lib/gcc/avr/4.2.5/avr5/libgcc.a(_udivmodhi4.o)
 .bss           0x008002b3        0x0 /usr/local/lib/gcc/avr/4.2.5/avr5/libgcc.a(_udivmodsi4.o)
 .bss           0x008002b3        0x0 /usr/local/lib/gcc/avr/4.2.5/avr5/libgcc.a(_exit.o)
 .bss           0x008002b3        0x0 /usr/local/lib/gcc/avr/4.2.5/avr5/libgcc.a(_copy_data.o)
 .bss           0x008002b3        0x0 /usr/local/lib/gcc/avr/4.2.5/avr5/libgcc.a(_clear_bss.o)
 .bss           0x008002b3        0x0 /usr/local/lib/gcc/avr/4.2.5/../../../../avr/lib/avr5/libc.a(strtol.o)
 .bss           0x008002b3        0x0 /usr/local/lib/gcc/avr/4.2.5/../../../../avr/lib/avr5/libc.a(atoi.o)
 .bss           0x008002b3        0x0 /usr/local/lib/gcc/avr/4.2.5/../../../../avr/lib/avr5/libc.a(isspace.o)
 .bss           0x008002b3        0x0 /usr/local/lib/gcc/avr/4.2.5/../../../../avr/lib/avr5/libc.a(memcpy_P.o)
 .bss           0x008002b3        0x0 /usr/local/lib/gcc/avr/4.2.5/../../../../avr/lib/avr5/libc.a(strcpy_P.o)
 .bss           0x008002b3        0x0 /usr/local/lib/gcc/avr/4.2.5/../../../../avr/lib/avr5/libc.a(strncasecmp_P.o)
 .bss           0x008002b3        0x0 /usr/local/lib/gcc/avr/4.2.5/../../../../avr/lib/avr5/libc.a(memmove.o)
 .bss           0x008002b3        0x0 /usr/local/lib/gcc/avr/4.2.5/../../../../avr/lib/avr5/libc.a(strcasecmp.o)
 .bss           0x008002b3        0x0 /usr/local/lib/gcc/avr/4.2.5/../../../../avr/lib/avr5/libc.a(strcasestr.o)
 .bss           0x008002b3        0x0 /usr/local/lib/gcc/avr/4.2.5/../../../../avr/lib/avr5/libc.a(strcasestr_P.o)
 .bss           0x008002b3        0x0 /usr/local/lib/gcc/avr/4.2.5/../../../../avr/lib/avr5/libc.a(strcat.o)
 .bss           0x008002b3        0x0 /usr/local/lib/gcc/avr/4.2.5/../../../../avr/lib/avr5/libc.a(strcpy.o)
 .bss           0x008002b3        0x0 /usr/local/lib/gcc/avr/4.2.5/../../../../avr/lib/avr5/libc.a(strnlen.o)
 .bss           0x008002b3        0x0 /usr/local/lib/gcc/avr/4.2.5/../../../../avr/lib/avr5/libc.a(strsep.o)
 .bss           0x008002b3        0x0 /usr/local/lib/gcc/avr/4.2.5/../../../../avr/lib/avr5/libc.a(itoa.o)
 .bss           0x008002b3        0x0 /usr/local/lib/gcc/avr/4.2.5/../../../../avr/lib/avr5/libc.a(mul10.o)
 .bss           0x008002b3        0x0 /usr/local/lib/gcc/avr/4.2.5/../../../../avr/lib/avr5/libc.a(sprintf_p.o)
 .bss           0x008002b3        0x0 /usr/local/lib/gcc/avr/4.2.5/../../../../avr/lib/avr5/libc.a(vfprintf_std.o)
 .bss           0x008002b3        0x0 /usr/local/lib/gcc/avr/4.2.5/../../../../avr/lib/avr5/libc.a(ee_rb.1F2021.o)
 .bss           0x008002b3        0x0 /usr/local/lib/gcc/avr/4.2.5/../../../../avr/lib/avr5/libc.a(ee_wb.1F2021.o)
 .bss           0x008002b3        0x0 /usr/local/lib/gcc/avr/4.2.5/../../../../avr/lib/avr5/libc.a(errno.o)
 .bss           0x008002b3        0x0 /usr/local/lib/gcc/avr/4.2.5/../../../../avr/lib/avr5/libc.a(cty_isfalse.o)
 .bss           0x008002b3        0x0 /usr/local/lib/gcc/avr/4.2.5/../../../../avr/lib/avr5/libc.a(strlen_P.o)
 .bss           0x008002b3        0x0 /usr/local/lib/gcc/avr/4.2.5/../../../../avr/lib/avr5/libc.a(strnlen_P.o)
 .bss           0x008002b3        0x0 /usr/local/lib/gcc/avr/4.2.5/../../../../avr/lib/avr5/libc.a(memcpy.o)
 .bss           0x008002b3        0x0 /usr/local/lib/gcc/avr/4.2.5/../../../../avr/lib/avr5/libc.a(strrev.o)
 .bss           0x008002b3        0x0 /usr/local/lib/gcc/avr/4.2.5/../../../../avr/lib/avr5/libc.a(fputc.o)
 .bss           0x008002b3        0x0 /usr/local/lib/gcc/avr/4.2.5/avr5/libgcc.a(_prologue.o)
 .bss           0x008002b3        0x0 /usr/local/lib/gcc/avr/4.2.5/avr5/libgcc.a(_epilogue.o)
 *(.bss*)
 *(COMMON)
 COMMON         0x008002b3      0xa8b main.o
                0x008002b3                cam_cmd_buffer
                0x008002c4                ntp_server_ip
                0x008002c8                eth_buffer
                0x00800779                arp_entry
                0x008007b5                retransmission_pointer
                0x008007b7                eth
                0x008007b8                myip
                0x008007bc                router_ip
                0x008007c0                netmask
                0x008007c4                usart_status
                0x008007c5                gp_timer
                0x008007c6                tcp_entry
                0x0080084a                cam_dat_buffer
                0x00800cfa                telnetd_status
                0x00800cfb                stack_watchdog
                0x00800cfd                ntp_state
                0x00800cfe                time
                0x00800d02                usart_rx_buffer
                0x00800d34                mymac
                0x00800d3a                max_bytes
 COMMON         0x00800d3e        0x6 stack.o
                0x00800d3e                ping
 COMMON         0x00800d44       0x14 cmd.o
                0x00800d44                variable
 COMMON         0x00800d58        0x4 networkcard/enc28j60.o
                0x00800d58                enc28j60_revision
                0x00800d59                enc28j60_current_bank
                0x00800d5a                enc28j60_next_packet_ptr
 COMMON         0x00800d5c       0x64 httpd.o
                0x00800d5c                http_auth_passwort
                0x00800d7a                http_entry
 COMMON         0x00800dc0        0x2 /usr/local/lib/gcc/avr/4.2.5/../../../../avr/lib/avr5/libc.a(errno.o)
                0x00800dc0                errno
                0x00800dc2                PROVIDE (__bss_end, .)
                0x00008034                __data_load_start = LOADADDR (.data)
                0x000081ac                __data_load_end = (__data_load_start + SIZEOF (.data))

.noinit         0x00800dc2        0x0
                0x00800dc2                PROVIDE (__noinit_start, .)
 *(.noinit*)
                0x00800dc2                PROVIDE (__noinit_end, .)
                0x00800dc2                _end = .
                0x00800dc2                PROVIDE (__heap_start, .)

.eeprom         0x00810000        0x0
 *(.eeprom*)
                0x00810000                __eeprom_end = .

.stab           0x00000000     0xbcc4
 *(.stab)
 .stab          0x00000000      0x378 /usr/local/lib/gcc/avr/4.2.5/../../../../avr/lib/avr5/crtm644.o
 .stab          0x00000378      0xa08 main.o
                                0xa14 (size before relaxing)
 .stab          0x00000d80      0x78c usart.o
                                0xb88 (size before relaxing)
 .stab          0x0000150c     0x1f8c stack.o
                               0x2394 (size before relaxing)
 .stab          0x00003498      0x4ec timer.o
                                0x834 (size before relaxing)
 .stab          0x00003984      0xfa8 cmd.o
                               0x13b0 (size before relaxing)
 .stab          0x0000492c      0x4e0 base64.o
                                0x8dc (size before relaxing)
 .stab          0x00004e0c      0xed0 networkcard/enc28j60.o
                               0x11b8 (size before relaxing)
 .stab          0x00005cdc      0x30c networkcard/rtl8019.o
                                0x708 (size before relaxing)
 .stab          0x00005fe8      0xfcc httpd.o
                               0x13c8 (size before relaxing)
 .stab          0x00006fb4      0x630 telnetd.o
                                0xa2c (size before relaxing)
 .stab          0x000075e4      0x8e8 ntp.o
                                0xce4 (size before relaxing)
 .stab          0x00007ecc       0xe4 lcd.o
                                 0xf0 (size before relaxing)
 .stab          0x00007fb0      0x408 udp_lcd.o
                                0x804 (size before relaxing)
 .stab          0x000083b8       0xe4 wol.o
                                 0xf0 (size before relaxing)
 .stab          0x0000849c      0x648 http_get.o
                                0xa44 (size before relaxing)
 .stab          0x00008ae4       0xe4 analog.o
                                 0xf0 (size before relaxing)
 .stab          0x00008bc8       0xe4 sendmail.o
                                 0xf0 (size before relaxing)
 .stab          0x00008cac      0x834 camera/cam.o
                                0x9fc (size before relaxing)
 .stab          0x000094e0      0x138 camera/servo.o
                                0x2f4 (size before relaxing)
 .stab          0x00009618       0xe4 dnsc.o
                                 0xf0 (size before relaxing)
 .stab          0x000096fc       0xe4 dhcpc.o
                                 0xf0 (size before relaxing)
 .stab          0x000097e0      0x408 /usr/local/lib/gcc/avr/4.2.5/../../../../avr/lib/avr5/libc.a(strtol.o)
                                0x414 (size before relaxing)
 .stab          0x00009be8      0x174 /usr/local/lib/gcc/avr/4.2.5/../../../../avr/lib/avr5/libc.a(atoi.o)
                                0x180 (size before relaxing)
 .stab          0x00009d5c       0x9c /usr/local/lib/gcc/avr/4.2.5/../../../../avr/lib/avr5/libc.a(isspace.o)
                                 0xa8 (size before relaxing)
 .stab          0x00009df8       0x84 /usr/local/lib/gcc/avr/4.2.5/../../../../avr/lib/avr5/libc.a(memcpy_P.o)
                                 0x90 (size before relaxing)
 .stab          0x00009e7c       0x6c /usr/local/lib/gcc/avr/4.2.5/../../../../avr/lib/avr5/libc.a(strcpy_P.o)
                                 0x78 (size before relaxing)
 .stab          0x00009ee8      0x138 /usr/local/lib/gcc/avr/4.2.5/../../../../avr/lib/avr5/libc.a(strncasecmp_P.o)
                                0x144 (size before relaxing)
 .stab          0x0000a020       0xe4 /usr/local/lib/gcc/avr/4.2.5/../../../../avr/lib/avr5/libc.a(memmove.o)
                                 0xf0 (size before relaxing)
 .stab          0x0000a104       0xfc /usr/local/lib/gcc/avr/4.2.5/../../../../avr/lib/avr5/libc.a(strcasecmp.o)
                                0x108 (size before relaxing)
 .stab          0x0000a200      0x1ec /usr/local/lib/gcc/avr/4.2.5/../../../../avr/lib/avr5/libc.a(strcasestr.o)
                                0x1f8 (size before relaxing)
 .stab          0x0000a3ec      0x1ec /usr/local/lib/gcc/avr/4.2.5/../../../../avr/lib/avr5/libc.a(strcasestr_P.o)
                                0x1f8 (size before relaxing)
 .stab          0x0000a5d8       0x9c /usr/local/lib/gcc/avr/4.2.5/../../../../avr/lib/avr5/libc.a(strcat.o)
                                 0xa8 (size before relaxing)
 .stab          0x0000a674       0x6c /usr/local/lib/gcc/avr/4.2.5/../../../../avr/lib/avr5/libc.a(strcpy.o)
                                 0x78 (size before relaxing)
 .stab          0x0000a6e0       0x9c /usr/local/lib/gcc/avr/4.2.5/../../../../avr/lib/avr5/libc.a(strnlen.o)
                                 0xa8 (size before relaxing)
 .stab          0x0000a77c      0x138 /usr/local/lib/gcc/avr/4.2.5/../../../../avr/lib/avr5/libc.a(strsep.o)
                                0x144 (size before relaxing)
 .stab          0x0000a8b4      0x1b0 /usr/local/lib/gcc/avr/4.2.5/../../../../avr/lib/avr5/libc.a(itoa.o)
                                0x1bc (size before relaxing)
 .stab          0x0000aa64       0x78 /usr/local/lib/gcc/avr/4.2.5/../../../../avr/lib/avr5/libc.a(mul10.o)
                                 0x84 (size before relaxing)
 .stab          0x0000aadc      0x390 /usr/local/lib/gcc/avr/4.2.5/../../../../avr/lib/avr5/libc.a(sprintf_p.o)
                                0x3d8 (size before relaxing)
 .stab          0x0000ae6c      0x798 /usr/local/lib/gcc/avr/4.2.5/../../../../avr/lib/avr5/libc.a(vfprintf_std.o)
                                0x9c0 (size before relaxing)
 .stab          0x0000b604       0x78 /usr/local/lib/gcc/avr/4.2.5/../../../../avr/lib/avr5/libc.a(ee_rb.1F2021.o)
                                 0x84 (size before relaxing)
 .stab          0x0000b67c       0xa8 /usr/local/lib/gcc/avr/4.2.5/../../../../avr/lib/avr5/libc.a(ee_wb.1F2021.o)
                                 0xb4 (size before relaxing)
 .stab          0x0000b724       0xf0 /usr/local/lib/gcc/avr/4.2.5/../../../../avr/lib/avr5/libc.a(errno.o)
                                 0xfc (size before relaxing)
 .stab          0x0000b814       0x60 /usr/local/lib/gcc/avr/4.2.5/../../../../avr/lib/avr5/libc.a(cty_isfalse.o)
                                 0x6c (size before relaxing)
 .stab          0x0000b874       0x84 /usr/local/lib/gcc/avr/4.2.5/../../../../avr/lib/avr5/libc.a(strlen_P.o)
                                 0x90 (size before relaxing)
 .stab          0x0000b8f8       0x9c /usr/local/lib/gcc/avr/4.2.5/../../../../avr/lib/avr5/libc.a(strnlen_P.o)
                                 0xa8 (size before relaxing)
 .stab          0x0000b994       0x84 /usr/local/lib/gcc/avr/4.2.5/../../../../avr/lib/avr5/libc.a(memcpy.o)
                                 0x90 (size before relaxing)
 .stab          0x0000ba18       0xd8 /usr/local/lib/gcc/avr/4.2.5/../../../../avr/lib/avr5/libc.a(strrev.o)
                                 0xe4 (size before relaxing)
 .stab          0x0000baf0      0x1d4 /usr/local/lib/gcc/avr/4.2.5/../../../../avr/lib/avr5/libc.a(fputc.o)
                                0x3b4 (size before relaxing)

.stabstr        0x00000000     0x747c
 *(.stabstr)
 .stabstr       0x00000000     0x747c /usr/local/lib/gcc/avr/4.2.5/../../../../avr/lib/avr5/crtm644.o

.stab.excl
 *(.stab.excl)

.stab.exclstr
 *(.stab.exclstr)

.stab.index
 *(.stab.index)

.stab.indexstr
 *(.stab.indexstr)

.comment
 *(.comment)

.debug
 *(.debug)

.line
 *(.line)

.debug_srcinfo
 *(.debug_srcinfo)

.debug_sfnames
 *(.debug_sfnames)

.debug_aranges
 *(.debug_aranges)

.debug_pubnames
 *(.debug_pubnames)

.debug_info
 *(.debug_info)
 *(.gnu.linkonce.wi.*)

.debug_abbrev
 *(.debug_abbrev)

.debug_line
 *(.debug_line)

.debug_frame
 *(.debug_frame)

.debug_str
 *(.debug_str)

.debug_loc
 *(.debug_loc)

.debug_macinfo
 *(.debug_macinfo)
OUTPUT(Hexfiles/Webserver_MEGA644.elf elf32-avr)
LOAD linker stubs

Cross Reference Table

Symbol                                            File
BASE64CODE                                        base64.o
COMMAND_TABELLE                                   cmd.o
IP_id_counter                                     stack.o
                                                  http_get.o
                                                  udp_lcd.o
                                                  ntp.o
                                                  telnetd.o
                                                  httpd.o
                                                  networkcard/rtl8019.o
                                                  networkcard/enc28j60.o
                                                  base64.o
                                                  cmd.o
                                                  timer.o
                                                  usart.o
                                                  main.o
NTP_Request                                       ntp.o
PORT_tmp                                          httpd.o
Page0                                             httpd.o
Page1                                             httpd.o
Page4                                             httpd.o
TCP_PORT_TABLE                                    stack.o
                                                  http_get.o
                                                  udp_lcd.o
                                                  ntp.o
                                                  telnetd.o
                                                  httpd.o
                                                  networkcard/rtl8019.o
                                                  networkcard/enc28j60.o
                                                  base64.o
                                                  cmd.o
                                                  timer.o
                                                  usart.o
                                                  main.o
UDP_PORT_TABLE                                    stack.o
                                                  http_get.o
                                                  udp_lcd.o
                                                  ntp.o
                                                  telnetd.o
                                                  httpd.o
                                                  networkcard/rtl8019.o
                                                  networkcard/enc28j60.o
                                                  base64.o
                                                  cmd.o
                                                  timer.o
                                                  usart.o
                                                  main.o
WEATHER_GET_STRING                                http_get.o
WEBPAGE_TABLE                                     httpd.o
__bad_interrupt                                   /usr/local/lib/gcc/avr/4.2.5/../../../../avr/lib/avr5/crtm644.o
__bss_end                                         /usr/local/lib/gcc/avr/4.2.5/avr5/libgcc.a(_clear_bss.o)
__bss_start                                       /usr/local/lib/gcc/avr/4.2.5/avr5/libgcc.a(_clear_bss.o)
__ctype_isfalse                                   /usr/local/lib/gcc/avr/4.2.5/../../../../avr/lib/avr5/libc.a(cty_isfalse.o)
                                                  /usr/local/lib/gcc/avr/4.2.5/../../../../avr/lib/avr5/libc.a(isspace.o)
__ctype_istrue                                    /usr/local/lib/gcc/avr/4.2.5/../../../../avr/lib/avr5/libc.a(cty_isfalse.o)
__data_end                                        /usr/local/lib/gcc/avr/4.2.5/avr5/libgcc.a(_copy_data.o)
__data_load_start                                 /usr/local/lib/gcc/avr/4.2.5/avr5/libgcc.a(_copy_data.o)
__data_start                                      /usr/local/lib/gcc/avr/4.2.5/avr5/libgcc.a(_copy_data.o)
__do_clear_bss                                    /usr/local/lib/gcc/avr/4.2.5/avr5/libgcc.a(_clear_bss.o)
                                                  /usr/local/lib/gcc/avr/4.2.5/../../../../avr/lib/avr5/libc.a(fputc.o)
                                                  /usr/local/lib/gcc/avr/4.2.5/../../../../avr/lib/avr5/libc.a(errno.o)
                                                  /usr/local/lib/gcc/avr/4.2.5/../../../../avr/lib/avr5/libc.a(vfprintf_std.o)
                                                  /usr/local/lib/gcc/avr/4.2.5/../../../../avr/lib/avr5/libc.a(sprintf_p.o)
                                                  /usr/local/lib/gcc/avr/4.2.5/../../../../avr/lib/avr5/libc.a(strtol.o)
                                                  dhcpc.o
                                                  dnsc.o
                                                  camera/servo.o
                                                  camera/cam.o
                                                  sendmail.o
                                                  analog.o
                                                  http_get.o
                                                  wol.o
                                                  udp_lcd.o
                                                  lcd.o
                                                  ntp.o
                                                  telnetd.o
                                                  httpd.o
                                                  networkcard/rtl8019.o
                                                  networkcard/enc28j60.o
                                                  base64.o
                                                  cmd.o
                                                  timer.o
                                                  stack.o
                                                  usart.o
                                                  main.o
__do_copy_data                                    /usr/local/lib/gcc/avr/4.2.5/avr5/libgcc.a(_copy_data.o)
                                                  /usr/local/lib/gcc/avr/4.2.5/../../../../avr/lib/avr5/libc.a(fputc.o)
                                                  /usr/local/lib/gcc/avr/4.2.5/../../../../avr/lib/avr5/libc.a(errno.o)
                                                  /usr/local/lib/gcc/avr/4.2.5/../../../../avr/lib/avr5/libc.a(vfprintf_std.o)
                                                  /usr/local/lib/gcc/avr/4.2.5/../../../../avr/lib/avr5/libc.a(sprintf_p.o)
                                                  /usr/local/lib/gcc/avr/4.2.5/../../../../avr/lib/avr5/libc.a(strtol.o)
                                                  dhcpc.o
                                                  dnsc.o
                                                  camera/servo.o
                                                  camera/cam.o
                                                  sendmail.o
                                                  analog.o
                                                  http_get.o
                                                  wol.o
                                                  udp_lcd.o
                                                  lcd.o
                                                  ntp.o
                                                  telnetd.o
                                                  httpd.o
                                                  networkcard/rtl8019.o
                                                  networkcard/enc28j60.o
                                                  base64.o
                                                  cmd.o
                                                  timer.o
                                                  stack.o
                                                  usart.o
                                                  main.o
__eeprom_read_byte_1F2021                         /usr/local/lib/gcc/avr/4.2.5/../../../../avr/lib/avr5/libc.a(ee_rb.1F2021.o)
                                                  stack.o
__eeprom_write_byte_1F2021                        /usr/local/lib/gcc/avr/4.2.5/../../../../avr/lib/avr5/libc.a(ee_wb.1F2021.o)
                                                  cmd.o
__epilogue_restores__                             /usr/local/lib/gcc/avr/4.2.5/avr5/libgcc.a(_epilogue.o)
                                                  /usr/local/lib/gcc/avr/4.2.5/../../../../avr/lib/avr5/libc.a(vfprintf_std.o)
                                                  /usr/local/lib/gcc/avr/4.2.5/../../../../avr/lib/avr5/libc.a(sprintf_p.o)
                                                  /usr/local/lib/gcc/avr/4.2.5/../../../../avr/lib/avr5/libc.a(strtol.o)
__heap_end                                        /usr/local/lib/gcc/avr/4.2.5/../../../../avr/lib/avr5/crtm644.o
__init                                            /usr/local/lib/gcc/avr/4.2.5/../../../../avr/lib/avr5/crtm644.o
__mulhi_const_10                                  /usr/local/lib/gcc/avr/4.2.5/../../../../avr/lib/avr5/libc.a(mul10.o)
                                                  /usr/local/lib/gcc/avr/4.2.5/../../../../avr/lib/avr5/libc.a(atoi.o)
__mulsi3                                          /usr/local/lib/gcc/avr/4.2.5/avr5/libgcc.a(_mulsi3.o)
                                                  /usr/local/lib/gcc/avr/4.2.5/../../../../avr/lib/avr5/libc.a(strtol.o)
                                                  camera/cam.o
__prologue_saves__                                /usr/local/lib/gcc/avr/4.2.5/avr5/libgcc.a(_prologue.o)
                                                  /usr/local/lib/gcc/avr/4.2.5/../../../../avr/lib/avr5/libc.a(vfprintf_std.o)
                                                  /usr/local/lib/gcc/avr/4.2.5/../../../../avr/lib/avr5/libc.a(sprintf_p.o)
                                                  /usr/local/lib/gcc/avr/4.2.5/../../../../avr/lib/avr5/libc.a(strtol.o)
__stack                                           /usr/local/lib/gcc/avr/4.2.5/../../../../avr/lib/avr5/crtm644.o
                                                  main.o
__udivmodhi4                                      /usr/local/lib/gcc/avr/4.2.5/avr5/libgcc.a(_udivmodhi4.o)
                                                  /usr/local/lib/gcc/avr/4.2.5/../../../../avr/lib/avr5/libc.a(itoa.o)
                                                  ntp.o
__udivmodsi4                                      /usr/local/lib/gcc/avr/4.2.5/avr5/libgcc.a(_udivmodsi4.o)
                                                  /usr/local/lib/gcc/avr/4.2.5/../../../../avr/lib/avr5/libc.a(vfprintf_std.o)
                                                  /usr/local/lib/gcc/avr/4.2.5/../../../../avr/lib/avr5/libc.a(strtol.o)
                                                  camera/cam.o
                                                  ntp.o
                                                  cmd.o
__vector_1                                        /usr/local/lib/gcc/avr/4.2.5/../../../../avr/lib/avr5/crtm644.o
__vector_10                                       /usr/local/lib/gcc/avr/4.2.5/../../../../avr/lib/avr5/crtm644.o
__vector_11                                       /usr/local/lib/gcc/avr/4.2.5/../../../../avr/lib/avr5/crtm644.o
__vector_12                                       /usr/local/lib/gcc/avr/4.2.5/../../../../avr/lib/avr5/crtm644.o
__vector_13                                       timer.o
                                                  /usr/local/lib/gcc/avr/4.2.5/../../../../avr/lib/avr5/crtm644.o
__vector_14                                       /usr/local/lib/gcc/avr/4.2.5/../../../../avr/lib/avr5/crtm644.o
__vector_15                                       /usr/local/lib/gcc/avr/4.2.5/../../../../avr/lib/avr5/crtm644.o
__vector_16                                       /usr/local/lib/gcc/avr/4.2.5/../../../../avr/lib/avr5/crtm644.o
__vector_17                                       /usr/local/lib/gcc/avr/4.2.5/../../../../avr/lib/avr5/crtm644.o
__vector_18                                       /usr/local/lib/gcc/avr/4.2.5/../../../../avr/lib/avr5/crtm644.o
__vector_19                                       /usr/local/lib/gcc/avr/4.2.5/../../../../avr/lib/avr5/crtm644.o
__vector_2                                        /usr/local/lib/gcc/avr/4.2.5/../../../../avr/lib/avr5/crtm644.o
__vector_20                                       camera/cam.o
                                                  /usr/local/lib/gcc/avr/4.2.5/../../../../avr/lib/avr5/crtm644.o
__vector_21                                       /usr/local/lib/gcc/avr/4.2.5/../../../../avr/lib/avr5/crtm644.o
__vector_22                                       /usr/local/lib/gcc/avr/4.2.5/../../../../avr/lib/avr5/crtm644.o
__vector_23                                       /usr/local/lib/gcc/avr/4.2.5/../../../../avr/lib/avr5/crtm644.o
__vector_24                                       /usr/local/lib/gcc/avr/4.2.5/../../../../avr/lib/avr5/crtm644.o
__vector_25                                       /usr/local/lib/gcc/avr/4.2.5/../../../../avr/lib/avr5/crtm644.o
__vector_26                                       /usr/local/lib/gcc/avr/4.2.5/../../../../avr/lib/avr5/crtm644.o
__vector_27                                       /usr/local/lib/gcc/avr/4.2.5/../../../../avr/lib/avr5/crtm644.o
__vector_3                                        stack.o
                                                  /usr/local/lib/gcc/avr/4.2.5/../../../../avr/lib/avr5/crtm644.o
__vector_4                                        /usr/local/lib/gcc/avr/4.2.5/../../../../avr/lib/avr5/crtm644.o
__vector_5                                        /usr/local/lib/gcc/avr/4.2.5/../../../../avr/lib/avr5/crtm644.o
__vector_6                                        /usr/local/lib/gcc/avr/4.2.5/../../../../avr/lib/avr5/crtm644.o
__vector_7                                        /usr/local/lib/gcc/avr/4.2.5/../../../../avr/lib/avr5/crtm644.o
__vector_8                                        /usr/local/lib/gcc/avr/4.2.5/../../../../avr/lib/avr5/crtm644.o
__vector_9                                        /usr/local/lib/gcc/avr/4.2.5/../../../../avr/lib/avr5/crtm644.o
__vector_default                                  /usr/local/lib/gcc/avr/4.2.5/../../../../avr/lib/avr5/crtm644.o
__vectors                                         /usr/local/lib/gcc/avr/4.2.5/../../../../avr/lib/avr5/crtm644.o
_exit                                             /usr/local/lib/gcc/avr/4.2.5/avr5/libgcc.a(_exit.o)
add_tcp_app                                       stack.o
                                                  http_get.o
                                                  telnetd.o
                                                  httpd.o
add_udp_app                                       stack.o
                                                  udp_lcd.o
                                                  ntp.o
arp_entry                                         http_get.o
                                                  udp_lcd.o
                                                  ntp.o
                                                  telnetd.o
                                                  httpd.o
                                                  networkcard/rtl8019.o
                                                  networkcard/enc28j60.o
                                                  base64.o
                                                  cmd.o
                                                  timer.o
                                                  stack.o
                                                  usart.o
                                                  main.o
arp_entry_add                                     stack.o
arp_entry_search                                  stack.o
arp_reply                                         stack.o
arp_request                                       stack.o
                                                  http_get.o
                                                  ntp.o
                                                  cmd.o
arp_timer_call                                    stack.o
atoi                                              /usr/local/lib/gcc/avr/4.2.5/../../../../avr/lib/avr5/libc.a(atoi.o)
                                                  usart.o
bild_balken                                       httpd.o
bild_rakete                                       httpd.o
buffercounter                                     usart.o
                                                  http_get.o
                                                  udp_lcd.o
                                                  ntp.o
                                                  telnetd.o
                                                  httpd.o
                                                  networkcard/rtl8019.o
                                                  networkcard/enc28j60.o
                                                  base64.o
                                                  cmd.o
                                                  timer.o
                                                  stack.o
                                                  main.o
cam_cmd_buffer                                    camera/cam.o
                                                  http_get.o
                                                  udp_lcd.o
                                                  ntp.o
                                                  telnetd.o
                                                  httpd.o
                                                  base64.o
                                                  cmd.o
                                                  timer.o
                                                  stack.o
                                                  usart.o
                                                  main.o
cam_command_send                                  camera/cam.o
cam_dat_buffer                                    camera/cam.o
                                                  http_get.o
                                                  udp_lcd.o
                                                  ntp.o
                                                  telnetd.o
                                                  httpd.o
                                                  base64.o
                                                  cmd.o
                                                  timer.o
                                                  stack.o
                                                  usart.o
                                                  main.o
cam_dat_start                                     camera/cam.o
                                                  http_get.o
                                                  udp_lcd.o
                                                  ntp.o
                                                  telnetd.o
                                                  httpd.o
                                                  base64.o
                                                  cmd.o
                                                  timer.o
                                                  stack.o
                                                  usart.o
                                                  main.o
cam_dat_stop                                      camera/cam.o
                                                  http_get.o
                                                  udp_lcd.o
                                                  ntp.o
                                                  telnetd.o
                                                  httpd.o
                                                  base64.o
                                                  cmd.o
                                                  timer.o
                                                  stack.o
                                                  usart.o
                                                  main.o
cam_data_get                                      camera/cam.o
                                                  httpd.o
cam_init                                          camera/cam.o
                                                  main.o
cam_picture_store                                 camera/cam.o
                                                  httpd.o
                                                  main.o
cam_uart_write_char                               camera/cam.o
change_port_tcp_app                               stack.o
check_packet                                      stack.o
checksum                                          stack.o
cmd_buffercounter                                 camera/cam.o
                                                  http_get.o
                                                  udp_lcd.o
                                                  ntp.o
                                                  telnetd.o
                                                  httpd.o
                                                  base64.o
                                                  cmd.o
                                                  timer.o
                                                  stack.o
                                                  usart.o
                                                  main.o
command_arp                                       cmd.o
command_help                                      cmd.o
command_ip                                        cmd.o
command_mac                                       cmd.o
command_net                                       cmd.o
command_ntp                                       cmd.o
command_ntp_refresh                               cmd.o
command_ping                                      cmd.o
command_reset                                     cmd.o
command_router                                    cmd.o
command_setvar                                    cmd.o
command_tcp                                       cmd.o
command_time                                      cmd.o
                                                  main.o
command_ver                                       cmd.o
command_wol                                       cmd.o
create_new_tcp_packet                             stack.o
                                                  http_get.o
                                                  telnetd.o
                                                  httpd.o
create_new_udp_packet                             stack.o
                                                  ntp.o
dat_buffercounter                                 camera/cam.o
                                                  http_get.o
                                                  udp_lcd.o
                                                  ntp.o
                                                  telnetd.o
                                                  httpd.o
                                                  base64.o
                                                  cmd.o
                                                  timer.o
                                                  stack.o
                                                  usart.o
                                                  main.o
decode_base64                                     base64.o
                                                  httpd.o
decode_time                                       ntp.o
                                                  httpd.o
dstr                                              httpd.o
                                                  http_get.o
                                                  udp_lcd.o
                                                  ntp.o
                                                  telnetd.o
                                                  networkcard/rtl8019.o
                                                  networkcard/enc28j60.o
                                                  base64.o
                                                  cmd.o
                                                  timer.o
                                                  stack.o
                                                  usart.o
                                                  main.o
enc28j60_config                                   networkcard/enc28j60.o
enc28j60_current_bank                             networkcard/enc28j60.o
enc28j60_init                                     networkcard/enc28j60.o
                                                  stack.o
enc28j60_next_packet_ptr                          networkcard/enc28j60.o
enc28j60_read_address                             networkcard/enc28j60.o
enc28j60_read_buffer                              networkcard/enc28j60.o
enc28j60_read_phy                                 networkcard/enc28j60.o
enc28j60_receive_packet                           networkcard/enc28j60.o
                                                  stack.o
enc28j60_revision                                 networkcard/enc28j60.o
                                                  cmd.o
enc28j60_send_packet                              networkcard/enc28j60.o
                                                  stack.o
enc28j60_spi_read_byte                            networkcard/enc28j60.o
enc28j60_spi_write_word                           networkcard/enc28j60.o
enc28j60_write_address                            networkcard/enc28j60.o
enc28j60_write_buffer                             networkcard/enc28j60.o
enc28j60_write_phy                                networkcard/enc28j60.o
errno                                             /usr/local/lib/gcc/avr/4.2.5/../../../../avr/lib/avr5/libc.a(errno.o)
                                                  /usr/local/lib/gcc/avr/4.2.5/../../../../avr/lib/avr5/libc.a(strtol.o)
eth                                               http_get.o
                                                  udp_lcd.o
                                                  ntp.o
                                                  telnetd.o
                                                  httpd.o
                                                  networkcard/rtl8019.o
                                                  networkcard/enc28j60.o
                                                  base64.o
                                                  cmd.o
                                                  timer.o
                                                  stack.o
                                                  usart.o
                                                  main.o
eth_buffer                                        http_get.o
                                                  udp_lcd.o
                                                  ntp.o
                                                  telnetd.o
                                                  httpd.o
                                                  networkcard/rtl8019.o
                                                  networkcard/enc28j60.o
                                                  base64.o
                                                  cmd.o
                                                  timer.o
                                                  stack.o
                                                  usart.o
                                                  main.o
eth_get_data                                      stack.o
                                                  ntp.o
                                                  main.o
exit                                              /usr/local/lib/gcc/avr/4.2.5/avr5/libgcc.a(_exit.o)
                                                  /usr/local/lib/gcc/avr/4.2.5/../../../../avr/lib/avr5/crtm644.o
extract_cmd                                       cmd.o
                                                  main.o
find_and_start                                    stack.o
fputc                                             /usr/local/lib/gcc/avr/4.2.5/../../../../avr/lib/avr5/libc.a(fputc.o)
                                                  /usr/local/lib/gcc/avr/4.2.5/../../../../avr/lib/avr5/libc.a(vfprintf_std.o)
get_eeprom_value                                  stack.o
                                                  ntp.o
                                                  cmd.o
gp_timer                                          http_get.o
                                                  udp_lcd.o
                                                  ntp.o
                                                  telnetd.o
                                                  httpd.o
                                                  networkcard/rtl8019.o
                                                  networkcard/enc28j60.o
                                                  base64.o
                                                  cmd.o
                                                  timer.o
                                                  stack.o
                                                  usart.o
                                                  main.o
helptext                                          cmd.o
htons                                             stack.o
htons32                                           stack.o
                                                  ntp.o
http_auth_passwort                                httpd.o
http_entry                                        httpd.o
http_get_state                                    http_get.o
http_header1                                      httpd.o
http_header2                                      httpd.o
http_header3                                      httpd.o
http_request                                      http_get.o
httpd                                             httpd.o
httpd_data_send                                   httpd.o
httpd_header_check                                httpd.o
httpd_init                                        httpd.o
                                                  main.o
httpd_stack_clear                                 httpd.o
icmp_send                                         stack.o
                                                  cmd.o
isspace                                           /usr/local/lib/gcc/avr/4.2.5/../../../../avr/lib/avr5/libc.a(isspace.o)
                                                  /usr/local/lib/gcc/avr/4.2.5/../../../../avr/lib/avr5/libc.a(strtol.o)
itoa                                              /usr/local/lib/gcc/avr/4.2.5/../../../../avr/lib/avr5/libc.a(itoa.o)
                                                  httpd.o
                                                  usart.o
kill_udp_app                                      stack.o
led_off                                           httpd.o
led_on                                            httpd.o
main                                              main.o
                                                  /usr/local/lib/gcc/avr/4.2.5/../../../../avr/lib/avr5/crtm644.o
make_ip_header                                    stack.o
max_bytes                                         camera/cam.o
                                                  http_get.o
                                                  udp_lcd.o
                                                  ntp.o
                                                  telnetd.o
                                                  httpd.o
                                                  base64.o
                                                  cmd.o
                                                  timer.o
                                                  stack.o
                                                  usart.o
                                                  main.o
memcpy                                            /usr/local/lib/gcc/avr/4.2.5/../../../../avr/lib/avr5/libc.a(memcpy.o)
                                                  /usr/local/lib/gcc/avr/4.2.5/../../../../avr/lib/avr5/libc.a(memmove.o)
memcpy_P                                          /usr/local/lib/gcc/avr/4.2.5/../../../../avr/lib/avr5/libc.a(memcpy_P.o)
                                                  http_get.o
                                                  telnetd.o
                                                  httpd.o
memmove                                           /usr/local/lib/gcc/avr/4.2.5/../../../../avr/lib/avr5/libc.a(memmove.o)
                                                  httpd.o
monthlen                                          ntp.o
myip                                              http_get.o
                                                  udp_lcd.o
                                                  ntp.o
                                                  telnetd.o
                                                  httpd.o
                                                  networkcard/rtl8019.o
                                                  networkcard/enc28j60.o
                                                  base64.o
                                                  cmd.o
                                                  timer.o
                                                  stack.o
                                                  usart.o
                                                  main.o
mymac                                             http_get.o
                                                  udp_lcd.o
                                                  ntp.o
                                                  telnetd.o
                                                  httpd.o
                                                  networkcard/rtl8019.o
                                                  networkcard/enc28j60.o
                                                  base64.o
                                                  cmd.o
                                                  timer.o
                                                  stack.o
                                                  usart.o
                                                  main.o
netmask                                           http_get.o
                                                  udp_lcd.o
                                                  ntp.o
                                                  telnetd.o
                                                  httpd.o
                                                  networkcard/rtl8019.o
                                                  networkcard/enc28j60.o
                                                  base64.o
                                                  cmd.o
                                                  timer.o
                                                  stack.o
                                                  usart.o
                                                  main.o
new_eth_header                                    stack.o
ntp                                               ntp.o
                                                  main.o
ntp_get                                           ntp.o
ntp_init                                          ntp.o
                                                  main.o
ntp_request                                       ntp.o
                                                  cmd.o
                                                  main.o
ntp_server_ip                                     http_get.o
                                                  udp_lcd.o
                                                  ntp.o
                                                  telnetd.o
                                                  httpd.o
                                                  networkcard/rtl8019.o
                                                  networkcard/enc28j60.o
                                                  base64.o
                                                  cmd.o
                                                  timer.o
                                                  stack.o
                                                  usart.o
                                                  main.o
ntp_state                                         http_get.o
                                                  udp_lcd.o
                                                  ntp.o
                                                  telnetd.o
                                                  httpd.o
                                                  networkcard/rtl8019.o
                                                  networkcard/enc28j60.o
                                                  base64.o
                                                  cmd.o
                                                  timer.o
                                                  stack.o
                                                  usart.o
                                                  main.o
ntp_timer                                         ntp.o
                                                  http_get.o
                                                  udp_lcd.o
                                                  telnetd.o
                                                  httpd.o
                                                  networkcard/rtl8019.o
                                                  networkcard/enc28j60.o
                                                  base64.o
                                                  cmd.o
                                                  timer.o
                                                  stack.o
                                                  usart.o
                                                  main.o
ping                                              cmd.o
                                                  stack.o
                                                  main.o
post_in                                           httpd.o
post_ready                                        httpd.o
read_ip_addresses                                 cmd.o
retransmission_pointer                            http_get.o
                                                  udp_lcd.o
                                                  ntp.o
                                                  telnetd.o
                                                  httpd.o
                                                  networkcard/rtl8019.o
                                                  networkcard/enc28j60.o
                                                  base64.o
                                                  cmd.o
                                                  timer.o
                                                  stack.o
                                                  usart.o
                                                  main.o
router_ip                                         http_get.o
                                                  udp_lcd.o
                                                  ntp.o
                                                  telnetd.o
                                                  httpd.o
                                                  networkcard/rtl8019.o
                                                  networkcard/enc28j60.o
                                                  base64.o
                                                  cmd.o
                                                  timer.o
                                                  stack.o
                                                  usart.o
                                                  main.o
rx_buffer_pointer_in                              usart.o
                                                  http_get.o
                                                  udp_lcd.o
                                                  ntp.o
                                                  telnetd.o
                                                  httpd.o
                                                  networkcard/rtl8019.o
                                                  networkcard/enc28j60.o
                                                  base64.o
                                                  cmd.o
                                                  timer.o
                                                  stack.o
                                                  main.o
rx_buffer_pointer_out                             usart.o
                                                  http_get.o
                                                  udp_lcd.o
                                                  ntp.o
                                                  telnetd.o
                                                  httpd.o
                                                  networkcard/rtl8019.o
                                                  networkcard/enc28j60.o
                                                  base64.o
                                                  cmd.o
                                                  timer.o
                                                  stack.o
                                                  main.o
rx_header_end                                     httpd.o
save_ip_addresses                                 cmd.o
sprintf_P                                         /usr/local/lib/gcc/avr/4.2.5/../../../../avr/lib/avr5/libc.a(sprintf_p.o)
                                                  ntp.o
                                                  httpd.o
stack_init                                        stack.o
                                                  main.o
stack_watchdog                                    http_get.o
                                                  udp_lcd.o
                                                  ntp.o
                                                  telnetd.o
                                                  httpd.o
                                                  networkcard/rtl8019.o
                                                  networkcard/enc28j60.o
                                                  base64.o
                                                  cmd.o
                                                  timer.o
                                                  stack.o
                                                  usart.o
                                                  main.o
strcasecmp                                        /usr/local/lib/gcc/avr/4.2.5/../../../../avr/lib/avr5/libc.a(strcasecmp.o)
                                                  cmd.o
strcasestr                                        /usr/local/lib/gcc/avr/4.2.5/../../../../avr/lib/avr5/libc.a(strcasestr.o)
                                                  httpd.o
strcasestr_P                                      /usr/local/lib/gcc/avr/4.2.5/../../../../avr/lib/avr5/libc.a(strcasestr_P.o)
                                                  httpd.o
strcat                                            /usr/local/lib/gcc/avr/4.2.5/../../../../avr/lib/avr5/libc.a(strcat.o)
                                                  usart.o
strcpy                                            /usr/local/lib/gcc/avr/4.2.5/../../../../avr/lib/avr5/libc.a(strcpy.o)
                                                  httpd.o
                                                  usart.o
strcpy_P                                          /usr/local/lib/gcc/avr/4.2.5/../../../../avr/lib/avr5/libc.a(strcpy_P.o)
                                                  ntp.o
                                                  httpd.o
strlen_P                                          /usr/local/lib/gcc/avr/4.2.5/../../../../avr/lib/avr5/libc.a(strlen_P.o)
                                                  /usr/local/lib/gcc/avr/4.2.5/../../../../avr/lib/avr5/libc.a(vfprintf_std.o)
strncasecmp_P                                     /usr/local/lib/gcc/avr/4.2.5/../../../../avr/lib/avr5/libc.a(strncasecmp_P.o)
                                                  httpd.o
strnlen                                           /usr/local/lib/gcc/avr/4.2.5/../../../../avr/lib/avr5/libc.a(strnlen.o)
                                                  /usr/local/lib/gcc/avr/4.2.5/../../../../avr/lib/avr5/libc.a(vfprintf_std.o)
                                                  httpd.o
strnlen_P                                         /usr/local/lib/gcc/avr/4.2.5/../../../../avr/lib/avr5/libc.a(strnlen_P.o)
                                                  /usr/local/lib/gcc/avr/4.2.5/../../../../avr/lib/avr5/libc.a(vfprintf_std.o)
strrev                                            /usr/local/lib/gcc/avr/4.2.5/../../../../avr/lib/avr5/libc.a(strrev.o)
                                                  /usr/local/lib/gcc/avr/4.2.5/../../../../avr/lib/avr5/libc.a(itoa.o)
strsep                                            /usr/local/lib/gcc/avr/4.2.5/../../../../avr/lib/avr5/libc.a(strsep.o)
                                                  cmd.o
strtol                                            /usr/local/lib/gcc/avr/4.2.5/../../../../avr/lib/avr5/libc.a(strtol.o)
                                                  cmd.o
tcp_Port_close                                    stack.o
                                                  httpd.o
tcp_entry                                         http_get.o
                                                  udp_lcd.o
                                                  ntp.o
                                                  telnetd.o
                                                  httpd.o
                                                  networkcard/rtl8019.o
                                                  networkcard/enc28j60.o
                                                  base64.o
                                                  cmd.o
                                                  timer.o
                                                  stack.o
                                                  usart.o
                                                  main.o
tcp_entry_add                                     stack.o
tcp_entry_search                                  stack.o
                                                  http_get.o
tcp_index_del                                     stack.o
tcp_port_open                                     stack.o
                                                  http_get.o
tcp_socket_process                                stack.o
tcp_timer_call                                    stack.o
telnetd                                           telnetd.o
telnetd_init                                      telnetd.o
                                                  main.o
telnetd_send_data                                 telnetd.o
                                                  main.o
telnetd_status                                    http_get.o
                                                  udp_lcd.o
                                                  ntp.o
                                                  telnetd.o
                                                  httpd.o
                                                  networkcard/rtl8019.o
                                                  networkcard/enc28j60.o
                                                  base64.o
                                                  cmd.o
                                                  timer.o
                                                  stack.o
                                                  usart.o
                                                  main.o
test                                              http_get.o
time                                              http_get.o
                                                  udp_lcd.o
                                                  ntp.o
                                                  telnetd.o
                                                  httpd.o
                                                  networkcard/rtl8019.o
                                                  networkcard/enc28j60.o
                                                  base64.o
                                                  cmd.o
                                                  timer.o
                                                  stack.o
                                                  usart.o
                                                  main.o
time_watchdog                                     timer.o
timer_init                                        timer.o
                                                  stack.o
udp_lcd_get                                       udp_lcd.o
udp_lcd_init                                      udp_lcd.o
udp_socket_process                                stack.o
usart_init                                        usart.o
                                                  main.o
usart_rx_buffer                                   http_get.o
                                                  udp_lcd.o
                                                  ntp.o
                                                  telnetd.o
                                                  httpd.o
                                                  networkcard/rtl8019.o
                                                  networkcard/enc28j60.o
                                                  base64.o
                                                  cmd.o
                                                  timer.o
                                                  stack.o
                                                  usart.o
                                                  main.o
usart_status                                      http_get.o
                                                  udp_lcd.o
                                                  ntp.o
                                                  telnetd.o
                                                  httpd.o
                                                  networkcard/rtl8019.o
                                                  networkcard/enc28j60.o
                                                  base64.o
                                                  cmd.o
                                                  timer.o
                                                  stack.o
                                                  usart.o
                                                  main.o
usart_write_P                                     usart.o
                                                  http_get.o
                                                  udp_lcd.o
                                                  cmd.o
                                                  main.o
usart_write_char                                  usart.o
usart_write_str                                   usart.o
var_array                                         httpd.o
                                                  http_get.o
                                                  udp_lcd.o
                                                  ntp.o
                                                  telnetd.o
                                                  networkcard/rtl8019.o
                                                  networkcard/enc28j60.o
                                                  base64.o
                                                  cmd.o
                                                  timer.o
                                                  stack.o
                                                  usart.o
                                                  main.o
variable                                          cmd.o
vfprintf                                          /usr/local/lib/gcc/avr/4.2.5/../../../../avr/lib/avr5/libc.a(vfprintf_std.o)
                                                  /usr/local/lib/gcc/avr/4.2.5/../../../../avr/lib/avr5/libc.a(sprintf_p.o)
wday_str                                          ntp.o
write_eeprom_ip                                   cmd.o